D:/STM32CubeIDE_1.7.0/Workspace/Lamp_F746BGT6/Inc/CMSIS/Include/core_cm7.h:1896:22:__NVIC_EnableIRQ	16	static
D:/STM32CubeIDE_1.7.0/Workspace/Lamp_F746BGT6/Inc/CMSIS/Include/core_cm7.h:1932:22:__NVIC_DisableIRQ	16	static,ignoring_inline_asm
D:/STM32CubeIDE_1.7.0/Workspace/Lamp_F746BGT6/Inc/CMSIS/Include/core_cm7.h:2024:22:__NVIC_SetPriority	16	static
../Src/main.c:106:6:initialization	16	static,ignoring_inline_asm
../Src/main.c:494:6:change_digit_set_time	112	static
../Src/main.c:557:6:change_digit_main_time	104	static
../Src/main.c:616:6:change_digit_power	312	static
../Src/main.c:805:6:change_colon_visibility	40	static
../Src/main.c:822:6:TIM2_IRQHandler	8	static
../Src/main.c:869:6:TIM5_IRQHandler	8	static
../Src/main.c:969:6:TIM4_IRQHandler	32	static
../Src/main.c:1085:6:EXTI0_IRQHandler	24	static
../Src/main.c:1171:6:EXTI2_IRQHandler	24	static
../Src/main.c:1233:6:EXTI4_IRQHandler	24	static
../Src/main.c:1310:6:EXTI9_5_IRQHandler	32	static
../Src/main.c:1428:6:EXTI15_10_IRQHandler	16	static
../Src/main.c:1496:5:main	16	static
