Archive member included to satisfy reference by file (symbol)

D:/STM32CubeIDE_1.12.1/STM32CubeIDE/plugins/com.st.stm32cube.ide.mcu.externaltools.gnu-tools-for-stm32.11.3.rel1.win32_1.1.100.202309141235/tools/bin/../lib/gcc/arm-none-eabi/11.3.1/../../../../arm-none-eabi/lib/thumb/v7e-m+fp/hard\libc_nano.a(libc_a-exit.o)
                              D:/STM32CubeIDE_1.12.1/STM32CubeIDE/plugins/com.st.stm32cube.ide.mcu.externaltools.gnu-tools-for-stm32.11.3.rel1.win32_1.1.100.202309141235/tools/bin/../lib/gcc/arm-none-eabi/11.3.1/../../../../arm-none-eabi/lib/thumb/v7e-m+fp/hard/crt0.o (exit)
D:/STM32CubeIDE_1.12.1/STM32CubeIDE/plugins/com.st.stm32cube.ide.mcu.externaltools.gnu-tools-for-stm32.11.3.rel1.win32_1.1.100.202309141235/tools/bin/../lib/gcc/arm-none-eabi/11.3.1/../../../../arm-none-eabi/lib/thumb/v7e-m+fp/hard\libc_nano.a(libc_a-findfp.o)
                              D:/STM32CubeIDE_1.12.1/STM32CubeIDE/plugins/com.st.stm32cube.ide.mcu.externaltools.gnu-tools-for-stm32.11.3.rel1.win32_1.1.100.202309141235/tools/bin/../lib/gcc/arm-none-eabi/11.3.1/../../../../arm-none-eabi/lib/thumb/v7e-m+fp/hard\libc_nano.a(libc_a-exit.o) (__stdio_exit_handler)
D:/STM32CubeIDE_1.12.1/STM32CubeIDE/plugins/com.st.stm32cube.ide.mcu.externaltools.gnu-tools-for-stm32.11.3.rel1.win32_1.1.100.202309141235/tools/bin/../lib/gcc/arm-none-eabi/11.3.1/../../../../arm-none-eabi/lib/thumb/v7e-m+fp/hard\libc_nano.a(libc_a-fwalk.o)
                              D:/STM32CubeIDE_1.12.1/STM32CubeIDE/plugins/com.st.stm32cube.ide.mcu.externaltools.gnu-tools-for-stm32.11.3.rel1.win32_1.1.100.202309141235/tools/bin/../lib/gcc/arm-none-eabi/11.3.1/../../../../arm-none-eabi/lib/thumb/v7e-m+fp/hard\libc_nano.a(libc_a-findfp.o) (_fwalk_sglue)
D:/STM32CubeIDE_1.12.1/STM32CubeIDE/plugins/com.st.stm32cube.ide.mcu.externaltools.gnu-tools-for-stm32.11.3.rel1.win32_1.1.100.202309141235/tools/bin/../lib/gcc/arm-none-eabi/11.3.1/../../../../arm-none-eabi/lib/thumb/v7e-m+fp/hard\libc_nano.a(libc_a-stdio.o)
                              D:/STM32CubeIDE_1.12.1/STM32CubeIDE/plugins/com.st.stm32cube.ide.mcu.externaltools.gnu-tools-for-stm32.11.3.rel1.win32_1.1.100.202309141235/tools/bin/../lib/gcc/arm-none-eabi/11.3.1/../../../../arm-none-eabi/lib/thumb/v7e-m+fp/hard\libc_nano.a(libc_a-findfp.o) (__sread)
D:/STM32CubeIDE_1.12.1/STM32CubeIDE/plugins/com.st.stm32cube.ide.mcu.externaltools.gnu-tools-for-stm32.11.3.rel1.win32_1.1.100.202309141235/tools/bin/../lib/gcc/arm-none-eabi/11.3.1/../../../../arm-none-eabi/lib/thumb/v7e-m+fp/hard\libc_nano.a(libc_a-memset.o)
                              D:/STM32CubeIDE_1.12.1/STM32CubeIDE/plugins/com.st.stm32cube.ide.mcu.externaltools.gnu-tools-for-stm32.11.3.rel1.win32_1.1.100.202309141235/tools/bin/../lib/gcc/arm-none-eabi/11.3.1/../../../../arm-none-eabi/lib/thumb/v7e-m+fp/hard/crt0.o (memset)
D:/STM32CubeIDE_1.12.1/STM32CubeIDE/plugins/com.st.stm32cube.ide.mcu.externaltools.gnu-tools-for-stm32.11.3.rel1.win32_1.1.100.202309141235/tools/bin/../lib/gcc/arm-none-eabi/11.3.1/../../../../arm-none-eabi/lib/thumb/v7e-m+fp/hard\libc_nano.a(libc_a-closer.o)
                              D:/STM32CubeIDE_1.12.1/STM32CubeIDE/plugins/com.st.stm32cube.ide.mcu.externaltools.gnu-tools-for-stm32.11.3.rel1.win32_1.1.100.202309141235/tools/bin/../lib/gcc/arm-none-eabi/11.3.1/../../../../arm-none-eabi/lib/thumb/v7e-m+fp/hard\libc_nano.a(libc_a-stdio.o) (_close_r)
D:/STM32CubeIDE_1.12.1/STM32CubeIDE/plugins/com.st.stm32cube.ide.mcu.externaltools.gnu-tools-for-stm32.11.3.rel1.win32_1.1.100.202309141235/tools/bin/../lib/gcc/arm-none-eabi/11.3.1/../../../../arm-none-eabi/lib/thumb/v7e-m+fp/hard\libc_nano.a(libc_a-reent.o)
                              D:/STM32CubeIDE_1.12.1/STM32CubeIDE/plugins/com.st.stm32cube.ide.mcu.externaltools.gnu-tools-for-stm32.11.3.rel1.win32_1.1.100.202309141235/tools/bin/../lib/gcc/arm-none-eabi/11.3.1/../../../../arm-none-eabi/lib/thumb/v7e-m+fp/hard\libc_nano.a(libc_a-closer.o) (errno)
D:/STM32CubeIDE_1.12.1/STM32CubeIDE/plugins/com.st.stm32cube.ide.mcu.externaltools.gnu-tools-for-stm32.11.3.rel1.win32_1.1.100.202309141235/tools/bin/../lib/gcc/arm-none-eabi/11.3.1/../../../../arm-none-eabi/lib/thumb/v7e-m+fp/hard\libc_nano.a(libc_a-impure.o)
                              D:/STM32CubeIDE_1.12.1/STM32CubeIDE/plugins/com.st.stm32cube.ide.mcu.externaltools.gnu-tools-for-stm32.11.3.rel1.win32_1.1.100.202309141235/tools/bin/../lib/gcc/arm-none-eabi/11.3.1/../../../../arm-none-eabi/lib/thumb/v7e-m+fp/hard\libc_nano.a(libc_a-reent.o) (_impure_ptr)
D:/STM32CubeIDE_1.12.1/STM32CubeIDE/plugins/com.st.stm32cube.ide.mcu.externaltools.gnu-tools-for-stm32.11.3.rel1.win32_1.1.100.202309141235/tools/bin/../lib/gcc/arm-none-eabi/11.3.1/../../../../arm-none-eabi/lib/thumb/v7e-m+fp/hard\libc_nano.a(libc_a-lseekr.o)
[...]
Memory Configuration

Name             Origin             Length             Attributes
RAM              0x0000000020000000 0x0000000000050000 xrw
FLASH            0x0000000008000000 0x0000000000100000 xr
*default*        0x0000000000000000 0xffffffffffffffff

Linker script and memory map

LOAD D:/STM32CubeIDE_1.12.1/STM32CubeIDE/plugins/com.st.stm32cube.ide.mcu.externaltools.gnu-tools-for-stm32.11.3.rel1.win32_1.1.100.202309141235/tools/bin/../lib/gcc/arm-none-eabi/11.3.1/thumb/v7e-m+fp/hard/crti.o
LOAD D:/STM32CubeIDE_1.12.1/STM32CubeIDE/plugins/com.st.stm32cube.ide.mcu.externaltools.gnu-tools-for-stm32.11.3.rel1.win32_1.1.100.202309141235/tools/bin/../lib/gcc/arm-none-eabi/11.3.1/thumb/v7e-m+fp/hard/crtbegin.o
LOAD D:/STM32CubeIDE_1.12.1/STM32CubeIDE/plugins/com.st.stm32cube.ide.mcu.externaltools.gnu-tools-for-stm32.11.3.rel1.win32_1.1.100.202309141235/tools/bin/../lib/gcc/arm-none-eabi/11.3.1/../../../../arm-none-eabi/lib/thumb/v7e-m+fp/hard/crt0.o
LOAD ./Src/main.o
LOAD ./Src/syscalls.o
LOAD ./Src/sysmem.o
LOAD ./Startup/startup_stm32f746bgtx.o
START GROUP
LOAD D:/STM32CubeIDE_1.12.1/STM32CubeIDE/plugins/com.st.stm32cube.ide.mcu.externaltools.gnu-tools-for-stm32.11.3.rel1.win32_1.1.100.202309141235/tools/bin/../lib/gcc/arm-none-eabi/11.3.1/../../../../arm-none-eabi/lib/thumb/v7e-m+fp/hard\libc_nano.a
LOAD D:/STM32CubeIDE_1.12.1/STM32CubeIDE/plugins/com.st.stm32cube.ide.mcu.externaltools.gnu-tools-for-stm32.11.3.rel1.win32_1.1.100.202309141235/tools/bin/../lib/gcc/arm-none-eabi/11.3.1/../../../../arm-none-eabi/lib/thumb/v7e-m+fp/hard\libm.a
END GROUP
START GROUP
LOAD D:/STM32CubeIDE_1.12.1/STM32CubeIDE/plugins/com.st.stm32cube.ide.mcu.externaltools.gnu-tools-for-stm32.11.3.rel1.win32_1.1.100.202309141235/tools/bin/../lib/gcc/arm-none-eabi/11.3.1/thumb/v7e-m+fp/hard\libgcc.a
LOAD D:/STM32CubeIDE_1.12.1/STM32CubeIDE/plugins/com.st.stm32cube.ide.mcu.externaltools.gnu-tools-for-stm32.11.3.rel1.win32_1.1.100.202309141235/tools/bin/../lib/gcc/arm-none-eabi/11.3.1/../../../../arm-none-eabi/lib/thumb/v7e-m+fp/hard\libc_nano.a
END GROUP
START GROUP
LOAD D:/STM32CubeIDE_1.12.1/STM32CubeIDE/plugins/com.st.stm32cube.ide.mcu.externaltools.gnu-tools-for-stm32.11.3.rel1.win32_1.1.100.202309141235/tools/bin/../lib/gcc/arm-none-eabi/11.3.1/thumb/v7e-m+fp/hard\libgcc.a
LOAD D:/STM32CubeIDE_1.12.1/STM32CubeIDE/plugins/com.st.stm32cube.ide.mcu.externaltools.gnu-tools-for-stm32.11.3.rel1.win32_1.1.100.202309141235/tools/bin/../lib/gcc/arm-none-eabi/11.3.1/../../../../arm-none-eabi/lib/thumb/v7e-m+fp/hard\libc_nano.a
LOAD D:/STM32CubeIDE_1.12.1/STM32CubeIDE/plugins/com.st.stm32cube.ide.mcu.externaltools.gnu-tools-for-stm32.11.3.rel1.win32_1.1.100.202309141235/tools/bin/../lib/gcc/arm-none-eabi/11.3.1/../../../../arm-none-eabi/lib/thumb/v7e-m+fp/hard\libnosys.a
END GROUP
START GROUP
LOAD D:/STM32CubeIDE_1.12.1/STM32CubeIDE/plugins/com.st.stm32cube.ide.mcu.externaltools.gnu-tools-for-stm32.11.3.rel1.win32_1.1.100.202309141235/tools/bin/../lib/gcc/arm-none-eabi/11.3.1/thumb/v7e-m+fp/hard\libgcc.a
LOAD D:/STM32CubeIDE_1.12.1/STM32CubeIDE/plugins/com.st.stm32cube.ide.mcu.externaltools.gnu-tools-for-stm32.11.3.rel1.win32_1.1.100.202309141235/tools/bin/../lib/gcc/arm-none-eabi/11.3.1/../../../../arm-none-eabi/lib/thumb/v7e-m+fp/hard\libc_nano.a
LOAD D:/STM32CubeIDE_1.12.1/STM32CubeIDE/plugins/com.st.stm32cube.ide.mcu.externaltools.gnu-tools-for-stm32.11.3.rel1.win32_1.1.100.202309141235/tools/bin/../lib/gcc/arm-none-eabi/11.3.1/../../../../arm-none-eabi/lib/thumb/v7e-m+fp/hard\libnosys.a
END GROUP
LOAD D:/STM32CubeIDE_1.12.1/STM32CubeIDE/plugins/com.st.stm32cube.ide.mcu.externaltools.gnu-tools-for-stm32.11.3.rel1.win32_1.1.100.202309141235/tools/bin/../lib/gcc/arm-none-eabi/11.3.1/thumb/v7e-m+fp/hard/crtend.o
LOAD D:/STM32CubeIDE_1.12.1/STM32CubeIDE/plugins/com.st.stm32cube.ide.mcu.externaltools.gnu-tools-for-stm32.11.3.rel1.win32_1.1.100.202309141235/tools/bin/../lib/gcc/arm-none-eabi/11.3.1/thumb/v7e-m+fp/hard/crtn.o
                0x0000000020050000                _estack = (ORIGIN (RAM) + LENGTH (RAM))
                0x0000000000000200                _Min_Heap_Size = 0x200
                0x0000000000000400                _Min_Stack_Size = 0x400

.isr_vector     0x0000000008000000      0x1c8
                0x0000000008000000                . = ALIGN (0x4)
 *(.isr_vector)
 .isr_vector    0x0000000008000000      0x1c8 ./Startup/startup_stm32f746bgtx.o
                0x0000000008000000                g_pfnVectors
                0x00000000080001c8                . = ALIGN (0x4)

.text           0x00000000080001c8     0x3d78
                0x00000000080001c8                . = ALIGN (0x4)
 *(.text)
 .text          0x00000000080001c8       0x40 D:/STM32CubeIDE_1.12.1/STM32CubeIDE/plugins/com.st.stm32cube.ide.mcu.externaltools.gnu-tools-for-stm32.11.3.rel1.win32_1.1.100.202309141235/tools/bin/../lib/gcc/arm-none-eabi/11.3.1/thumb/v7e-m+fp/hard/crtbegin.o
 *(.text*)
 .text.__NVIC_EnableIRQ
                0x0000000008000208       0x3c ./Src/main.o
 .text.__NVIC_DisableIRQ
                0x0000000008000244       0x48 ./Src/main.o
 .text.__NVIC_SetPriority
                0x000000000800028c       0x54 ./Src/main.o
 .text.initialization
                0x00000000080002e0      0xc60 ./Src/main.o
                0x00000000080002e0                initialization
 .text.change_digit_set_time
                0x0000000008000f40      0x430 ./Src/main.o
                0x0000000008000f40                change_digit_set_time
 .text.change_digit_main_time
                0x0000000008001370      0x3dc ./Src/main.o
                0x0000000008001370                change_digit_main_time
 .text.change_digit_power
                0x000000000800174c     0x1074 ./Src/main.o
                0x000000000800174c                change_digit_power
 .text.change_colon_visibility
                0x00000000080027c0       0xe0 ./Src/main.o
                0x00000000080027c0                change_colon_visibility
 .text.TIM2_IRQHandler
                0x00000000080028a0      0x124 ./Src/main.o
                0x00000000080028a0                TIM2_IRQHandler
 .text.TIM5_IRQHandler
                0x00000000080029c4      0x2c8 ./Src/main.o
                0x00000000080029c4                TIM5_IRQHandler
 .text.TIM4_IRQHandler
                0x0000000008002c8c      0x274 ./Src/main.o
                0x0000000008002c8c                TIM4_IRQHandler
 .text.EXTI0_IRQHandler
                0x0000000008002f00      0x2d0 ./Src/main.o
                0x0000000008002f00                EXTI0_IRQHandler
 .text.EXTI2_IRQHandler
                0x00000000080031d0      0x208 ./Src/main.o
                0x00000000080031d0                EXTI2_IRQHandler
 .text.EXTI4_IRQHandler
                0x00000000080033d8      0x288 ./Src/main.o
                0x00000000080033d8                EXTI4_IRQHandler
 .text.EXTI9_5_IRQHandler
                0x0000000008003660      0x410 ./Src/main.o
                0x0000000008003660                EXTI9_5_IRQHandler
 .text.EXTI15_10_IRQHandler
                0x0000000008003a70      0x1f0 ./Src/main.o
                0x0000000008003a70                EXTI15_10_IRQHandler
 .text.main     0x0000000008003c60      0x22c ./Src/main.o
                0x0000000008003c60                main
 .text.Reset_Handler
                0x0000000008003e8c       0x50 ./Startup/startup_stm32f746bgtx.o
                0x0000000008003e8c                Reset_Handler
 .text.Default_Handler
                0x0000000008003edc        0x2 ./Startup/startup_stm32f746bgtx.o
                0x0000000008003edc                HASH_RNG_IRQHandler
                0x0000000008003edc                TIM8_CC_IRQHandler
                0x0000000008003edc                DebugMon_Handler
                0x0000000008003edc                UART8_IRQHandler
                0x0000000008003edc                SPI4_IRQHandler
                0x0000000008003edc                TIM1_CC_IRQHandler
                0x0000000008003edc                QuadSPI_IRQHandler
                0x0000000008003edc                DMA2_Stream5_IRQHandler
                0x0000000008003edc                HardFault_Handler
                0x0000000008003edc                DMA1_Stream5_IRQHandler
                0x0000000008003edc                SysTick_Handler
                0x0000000008003edc                PVD_IRQHandler
                0x0000000008003edc                TAMP_STAMP_IRQHandler
                0x0000000008003edc                PendSV_Handler
                0x0000000008003edc                NMI_Handler
                0x0000000008003edc                CAN2_RX1_IRQHandler
                0x0000000008003edc                EXTI3_IRQHandler
                0x0000000008003edc                TIM8_TRG_COM_TIM14_IRQHandler
                0x0000000008003edc                TIM1_UP_TIM10_IRQHandler
                0x0000000008003edc                TIM8_UP_TIM13_IRQHandler
                0x0000000008003edc                I2C3_ER_IRQHandler
                0x0000000008003edc                LCD_TFT_IRQHandler
                0x0000000008003edc                I2C2_EV_IRQHandler
                0x0000000008003edc                DMA1_Stream2_IRQHandler
                0x0000000008003edc                CAN1_RX0_IRQHandler
                0x0000000008003edc                OTG_HS_WKUP_IRQHandler
                0x0000000008003edc                UsageFault_Handler
                0x0000000008003edc                LTDC_ER_IRQHandler
                0x0000000008003edc                CAN2_SCE_IRQHandler
                0x0000000008003edc                DMA2_Stream2_IRQHandler
                0x0000000008003edc                SPI1_IRQHandler
                0x0000000008003edc                TIM6_DAC_IRQHandler
                0x0000000008003edc                TIM1_BRK_TIM9_IRQHandler
                0x0000000008003edc                DCMI_IRQHandler
                0x0000000008003edc                CAN2_RX0_IRQHandler
                0x0000000008003edc                DMA2_Stream3_IRQHandler
                0x0000000008003edc                RTC_ALARM_IRQHandler
                0x0000000008003edc                SAI2_IRQHandler
                0x0000000008003edc                USART6_IRQHandler
                0x0000000008003edc                USART3_IRQHandler
                0x0000000008003edc                CRYP_IRQHandler
                0x0000000008003edc                CAN1_RX1_IRQHandler
                0x0000000008003edc                UART5_IRQHandler
                0x0000000008003edc                DMA2_Stream0_IRQHandler
                0x0000000008003edc                I2C1_EV_IRQHandler
                0x0000000008003edc                HDMI_CEC_IRQHandler
                0x0000000008003edc                DMA1_Stream6_IRQHandler
                0x0000000008003edc                DMA1_Stream1_IRQHandler
                0x0000000008003edc                UART4_IRQHandler
                0x0000000008003edc                TIM3_IRQHandler
                0x0000000008003edc                RCC_IRQHandler
                0x0000000008003edc                TIM8_BRK_TIM12_IRQHandler
                0x0000000008003edc                Default_Handler
                0x0000000008003edc                ADC_IRQHandler
                0x0000000008003edc                DMA1_Stream7_IRQHandler
                0x0000000008003edc                SPI5_IRQHandler
                0x0000000008003edc                LPTimer1_IRQHandler
                0x0000000008003edc                TIM7_IRQHandler
                0x0000000008003edc                SDMMC1_IRQHandler
                0x0000000008003edc                CAN2_TX_IRQHandler
                0x0000000008003edc                DMA2_Stream7_IRQHandler
                0x0000000008003edc                I2C3_EV_IRQHandler
                0x0000000008003edc                RTC_WKUP_IRQHandler
                0x0000000008003edc                ETH_WKUP_IRQHandler
                0x0000000008003edc                SPI2_IRQHandler
                0x0000000008003edc                OTG_HS_EP1_IN_IRQHandler
                0x0000000008003edc                MemManage_Handler
                0x0000000008003edc                DMA1_Stream0_IRQHandler
                0x0000000008003edc                CAN1_TX_IRQHandler
                0x0000000008003edc                SVC_Handler
                0x0000000008003edc                ETH_IRQHandler
                0x0000000008003edc                OTG_HS_EP1_OUT_IRQHandler
                0x0000000008003edc                WWDG_IRQHandler
                0x0000000008003edc                SPI6_IRQHandler
                0x0000000008003edc                I2C4_EV_IRQHandler
                0x0000000008003edc                OTG_FS_WKUP_IRQHandler
                0x0000000008003edc                TIM1_TRG_COM_TIM11_IRQHandler
                0x0000000008003edc                OTG_HS_IRQHandler
                0x0000000008003edc                DMA2D_IRQHandler
                0x0000000008003edc                EXTI1_IRQHandler
                0x0000000008003edc                UART7_IRQHandler
                0x0000000008003edc                USART2_IRQHandler
                0x0000000008003edc                I2C2_ER_IRQHandler
                0x0000000008003edc                SPDIFRX_IRQHandler
                0x0000000008003edc                DMA2_Stream1_IRQHandler
                0x0000000008003edc                CAN1_SCE_IRQHandler
                0x0000000008003edc                FLASH_IRQHandler
                0x0000000008003edc                DMA2_Stream4_IRQHandler
                0x0000000008003edc                BusFault_Handler
                0x0000000008003edc                USART1_IRQHandler
                0x0000000008003edc                OTG_FS_IRQHandler
                0x0000000008003edc                SPI3_IRQHandler
                0x0000000008003edc                DMA1_Stream4_IRQHandler
                0x0000000008003edc                I2C1_ER_IRQHandler
                0x0000000008003edc                FMC_IRQHandler
                0x0000000008003edc                I2C4_ER_IRQHandler
                0x0000000008003edc                DMA2_Stream6_IRQHandler
                0x0000000008003edc                SAI1_IRQHandler
                0x0000000008003edc                DMA1_Stream3_IRQHandler
 *fill*         0x0000000008003ede        0x2 
 .text.__libc_init_array
                0x0000000008003ee0       0x48 D:/STM32CubeIDE_1.12.1/STM32CubeIDE/plugins/com.st.stm32cube.ide.mcu.externaltools.gnu-tools-for-stm32.11.3.rel1.win32_1.1.100.202309141235/tools/bin/../lib/gcc/arm-none-eabi/11.3.1/../../../../arm-none-eabi/lib/thumb/v7e-m+fp/hard\libc_nano.a(libc_a-init.o)
                0x0000000008003ee0                __libc_init_array
 *(.glue_7)
 .glue_7        0x0000000008003f28        0x0 linker stubs
 *(.glue_7t)
 .glue_7t       0x0000000008003f28        0x0 linker stubs
 *(.eh_frame)
 .eh_frame      0x0000000008003f28        0x0 D:/STM32CubeIDE_1.12.1/STM32CubeIDE/plugins/com.st.stm32cube.ide.mcu.externaltools.gnu-tools-for-stm32.11.3.rel1.win32_1.1.100.202309141235/tools/bin/../lib/gcc/arm-none-eabi/11.3.1/thumb/v7e-m+fp/hard/crtbegin.o
 *(.init)
 .init          0x0000000008003f28        0x4 D:/STM32CubeIDE_1.12.1/STM32CubeIDE/plugins/com.st.stm32cube.ide.mcu.externaltools.gnu-tools-for-stm32.11.3.rel1.win32_1.1.100.202309141235/tools/bin/../lib/gcc/arm-none-eabi/11.3.1/thumb/v7e-m+fp/hard/crti.o
                0x0000000008003f28                _init
 .init          0x0000000008003f2c        0x8 D:/STM32CubeIDE_1.12.1/STM32CubeIDE/plugins/com.st.stm32cube.ide.mcu.externaltools.gnu-tools-for-stm32.11.3.rel1.win32_1.1.100.202309141235/tools/bin/../lib/gcc/arm-none-eabi/11.3.1/thumb/v7e-m+fp/hard/crtn.o
 *(.fini)
 .fini          0x0000000008003f34        0x4 D:/STM32CubeIDE_1.12.1/STM32CubeIDE/plugins/com.st.stm32cube.ide.mcu.externaltools.gnu-tools-for-stm32.11.3.rel1.win32_1.1.100.202309141235/tools/bin/../lib/gcc/arm-none-eabi/11.3.1/thumb/v7e-m+fp/hard/crti.o
                0x0000000008003f34                _fini
 .fini          0x0000000008003f38        0x8 D:/STM32CubeIDE_1.12.1/STM32CubeIDE/plugins/com.st.stm32cube.ide.mcu.externaltools.gnu-tools-for-stm32.11.3.rel1.win32_1.1.100.202309141235/tools/bin/../lib/gcc/arm-none-eabi/11.3.1/thumb/v7e-m+fp/hard/crtn.o
                0x0000000008003f40                . = ALIGN (0x4)
                0x0000000008003f40                _etext = .

.vfp11_veneer   0x0000000008003f40        0x0
 .vfp11_veneer  0x0000000008003f40        0x0 linker stubs

.v4_bx          0x0000000008003f40        0x0
 .v4_bx         0x0000000008003f40        0x0 linker stubs

.iplt           0x0000000008003f40        0x0
 .iplt          0x0000000008003f40        0x0 D:/STM32CubeIDE_1.12.1/STM32CubeIDE/plugins/com.st.stm32cube.ide.mcu.externaltools.gnu-tools-for-stm32.11.3.rel1.win32_1.1.100.202309141235/tools/bin/../lib/gcc/arm-none-eabi/11.3.1/thumb/v7e-m+fp/hard/crtbegin.o

.rodata         0x0000000008003f40    0xe88e4
                0x0000000008003f40                . = ALIGN (0x4)
 *(.rodata)
 *(.rodata*)
 .rodata.five_picture_1
                0x0000000008003f40      0xef4 ./Src/main.o
 .rodata.four_picture_1
                0x0000000008004e34      0xef4 ./Src/main.o
 .rodata.nine_picture_1
                0x0000000008005d28      0xef4 ./Src/main.o
 .rodata.one_picture_1
                0x0000000008006c1c      0xef4 ./Src/main.o
 .rodata.seven_picture_1
                0x0000000008007b10      0xef4 ./Src/main.o
 .rodata.six_picture_1
                0x0000000008008a04      0xef4 ./Src/main.o
 .rodata.three_picture_1
                0x00000000080098f8      0xef4 ./Src/main.o
 .rodata.two_picture_1
                0x000000000800a7ec      0xef4 ./Src/main.o
 .rodata.zero_picture_1
                0x000000000800b6e0      0xef4 ./Src/main.o
 .rodata.eigth_picture_1
                0x000000000800c5d4      0xef4 ./Src/main.o
 .rodata.five_picture_2
                0x000000000800d4c8     0x8694 ./Src/main.o
 .rodata.four_picture_2
                0x0000000008015b5c     0x8694 ./Src/main.o
 .rodata.nine_picture_2
                0x000000000801e1f0     0x8694 ./Src/main.o
 .rodata.one_picture_2
                0x0000000008026884     0x8694 ./Src/main.o
 .rodata.seven_picture_2
                0x000000000802ef18     0x8694 ./Src/main.o
 .rodata.six_picture_2
                0x00000000080375ac     0x8694 ./Src/main.o
 .rodata.three_picture_2
                0x000000000803fc40     0x8694 ./Src/main.o
 .rodata.two_picture_2
                0x00000000080482d4     0x8694 ./Src/main.o
 .rodata.zero_picture_2
                0x0000000008050968     0x8694 ./Src/main.o
 .rodata.eigth_picture_2
                0x0000000008058ffc     0x8694 ./Src/main.o
 .rodata.five_picture_3
                0x0000000008061690      0xef4 ./Src/main.o
 .rodata.four_picture_3
                0x0000000008062584      0xef4 ./Src/main.o
 .rodata.nine_picture_3
                0x0000000008063478      0xef4 ./Src/main.o
 .rodata.none_picture_3
                0x000000000806436c      0xef4 ./Src/main.o
 .rodata.one_picture_3
                0x0000000008065260      0xef4 ./Src/main.o
 .rodata.seven_picture_3
                0x0000000008066154      0xef4 ./Src/main.o
 .rodata.six_picture_3
                0x0000000008067048      0xef4 ./Src/main.o
 .rodata.three_picture_3
                0x0000000008067f3c      0xef4 ./Src/main.o
 .rodata.two_picture_3
                0x0000000008068e30      0xef4 ./Src/main.o
 .rodata.zero_picture_3
                0x0000000008069d24      0xef4 ./Src/main.o
 .rodata.eigth_picture_3
                0x000000000806ac18      0xef4 ./Src/main.o
 .rodata.colon_on
                0x000000000806bb0c      0xa8c ./Src/main.o
 .rodata.colon_off
                0x000000000806c598      0xa8c ./Src/main.o
 .rodata.init_picture
                0x000000000806d024    0x3fc00 ./Src/main.o
 .rodata.main_picture
                0x00000000080acc24    0x3fc00 ./Src/main.o
                0x00000000080ec824                . = ALIGN (0x4)

.rel.dyn        0x00000000080ec824        0x0
 .rel.iplt      0x00000000080ec824        0x0 D:/STM32CubeIDE_1.12.1/STM32CubeIDE/plugins/com.st.stm32cube.ide.mcu.externaltools.gnu-tools-for-stm32.11.3.rel1.win32_1.1.100.202309141235/tools/bin/../lib/gcc/arm-none-eabi/11.3.1/thumb/v7e-m+fp/hard/crtbegin.o

.ARM.extab      0x00000000080ec824        0x0
                0x00000000080ec824                . = ALIGN (0x4)
 *(.ARM.extab* .gnu.linkonce.armextab.*)
                0x00000000080ec824                . = ALIGN (0x4)

.ARM            0x00000000080ec824        0x0
                0x00000000080ec824                . = ALIGN (0x4)
                0x00000000080ec824                __exidx_start = .
 *(.ARM.exidx*)
                0x00000000080ec824                __exidx_end = .
                0x00000000080ec824                . = ALIGN (0x4)

.preinit_array  0x00000000080ec824        0x0
                0x00000000080ec824                . = ALIGN (0x4)
                0x00000000080ec824                PROVIDE (__preinit_array_start = .)
 *(.preinit_array*)
                0x00000000080ec824                PROVIDE (__preinit_array_end = .)
                0x00000000080ec824                . = ALIGN (0x4)

.init_array     0x00000000080ec824        0x4
                0x00000000080ec824                . = ALIGN (0x4)
                0x00000000080ec824                PROVIDE (__init_array_start = .)
 *(SORT_BY_NAME(.init_array.*))
 *(.init_array*)
 .init_array    0x00000000080ec824        0x4 D:/STM32CubeIDE_1.12.1/STM32CubeIDE/plugins/com.st.stm32cube.ide.mcu.externaltools.gnu-tools-for-stm32.11.3.rel1.win32_1.1.100.202309141235/tools/bin/../lib/gcc/arm-none-eabi/11.3.1/thumb/v7e-m+fp/hard/crtbegin.o
                0x00000000080ec828                PROVIDE (__init_array_end = .)
                0x00000000080ec828                . = ALIGN (0x4)

.fini_array     0x00000000080ec828        0x4
                0x00000000080ec828                . = ALIGN (0x4)
                [!provide]                        PROVIDE (__fini_array_start = .)
 *(SORT_BY_NAME(.fini_array.*))
 *(.fini_array*)
 .fini_array    0x00000000080ec828        0x4 D:/STM32CubeIDE_1.12.1/STM32CubeIDE/plugins/com.st.stm32cube.ide.mcu.externaltools.gnu-tools-for-stm32.11.3.rel1.win32_1.1.100.202309141235/tools/bin/../lib/gcc/arm-none-eabi/11.3.1/thumb/v7e-m+fp/hard/crtbegin.o
                [!provide]                        PROVIDE (__fini_array_end = .)
                0x00000000080ec82c                . = ALIGN (0x4)
                0x00000000080ec82c                _sidata = LOADADDR (.data)

.data           0x0000000020000000        0x0 load address 0x00000000080ec82c
                0x0000000020000000                . = ALIGN (0x4)
                0x0000000020000000                _sdata = .
 *(.data)
 *(.data*)
 *(.RamFunc)
 *(.RamFunc*)
                0x0000000020000000                . = ALIGN (0x4)
                0x0000000020000000                _edata = .

.igot.plt       0x0000000020000000        0x0 load address 0x00000000080ec82c
 .igot.plt      0x0000000020000000        0x0 D:/STM32CubeIDE_1.12.1/STM32CubeIDE/plugins/com.st.stm32cube.ide.mcu.externaltools.gnu-tools-for-stm32.11.3.rel1.win32_1.1.100.202309141235/tools/bin/../lib/gcc/arm-none-eabi/11.3.1/thumb/v7e-m+fp/hard/crtbegin.o
                0x0000000020000000                . = ALIGN (0x4)

.bss            0x0000000020000000    0x3fc5c load address 0x00000000080ec82c
                0x0000000020000000                _sbss = .
                0x0000000020000000                __bss_start__ = _sbss
 *(.bss)
 .bss           0x0000000020000000       0x1c D:/STM32CubeIDE_1.12.1/STM32CubeIDE/plugins/com.st.stm32cube.ide.mcu.externaltools.gnu-tools-for-stm32.11.3.rel1.win32_1.1.100.202309141235/tools/bin/../lib/gcc/arm-none-eabi/11.3.1/thumb/v7e-m+fp/hard/crtbegin.o
 *(.bss*)
 .bss.screen    0x000000002000001c    0x3fc00 ./Src/main.o
 .bss.buttonPressed_PE8
                0x000000002003fc1c        0x1 ./Src/main.o
                0x000000002003fc1c                buttonPressed_PE8
 .bss.buttonPressed_PG2
                0x000000002003fc1d        0x1 ./Src/main.o
                0x000000002003fc1d                buttonPressed_PG2
 .bss.buttonPressed_PG5
                0x000000002003fc1e        0x1 ./Src/main.o
                0x000000002003fc1e                buttonPressed_PG5
 .bss.buttonPressed_PD0
                0x000000002003fc1f        0x1 ./Src/main.o
                0x000000002003fc1f                buttonPressed_PD0
 .bss.buttonPressed_PD4
                0x000000002003fc20        0x1 ./Src/main.o
                0x000000002003fc20                buttonPressed_PD4
 .bss.buttonPressed_PF15
                0x000000002003fc21        0x1 ./Src/main.o
                0x000000002003fc21                buttonPressed_PF15
 *fill*         0x000000002003fc22        0x2 
 .bss.debounceCounter_PE8
                0x000000002003fc24        0x4 ./Src/main.o
                0x000000002003fc24                debounceCounter_PE8
 .bss.debounceCounter_PG2
                0x000000002003fc28        0x4 ./Src/main.o
                0x000000002003fc28                debounceCounter_PG2
 .bss.debounceCounter_PG5
                0x000000002003fc2c        0x4 ./Src/main.o
                0x000000002003fc2c                debounceCounter_PG5
 .bss.debounceCounter_PD0
                0x000000002003fc30        0x4 ./Src/main.o
                0x000000002003fc30                debounceCounter_PD0
 .bss.debounceCounter_PD4
                0x000000002003fc34        0x4 ./Src/main.o
                0x000000002003fc34                debounceCounter_PD4
 .bss.debounceCounter_PF15
                0x000000002003fc38        0x4 ./Src/main.o
                0x000000002003fc38                debounceCounter_PF15
 .bss.previousButtonState_PE8
                0x000000002003fc3c        0x1 ./Src/main.o
                0x000000002003fc3c                previousButtonState_PE8
 .bss.previousButtonState_PG2
                0x000000002003fc3d        0x1 ./Src/main.o
                0x000000002003fc3d                previousButtonState_PG2
 .bss.previousButtonState_PG5
                0x000000002003fc3e        0x1 ./Src/main.o
                0x000000002003fc3e                previousButtonState_PG5
 .bss.previousButtonState_PD0
                0x000000002003fc3f        0x1 ./Src/main.o
                0x000000002003fc3f                previousButtonState_PD0
 .bss.previousButtonState_PD4
                0x000000002003fc40        0x1 ./Src/main.o
                0x000000002003fc40                previousButtonState_PD4
 .bss.previousButtonState_PF15
                0x000000002003fc41        0x1 ./Src/main.o
                0x000000002003fc41                previousButtonState_PF15
 *fill*         0x000000002003fc42        0x2 
 .bss.btncnt_PF15
                0x000000002003fc44        0x4 ./Src/main.o
                0x000000002003fc44                btncnt_PF15
 .bss.flags     0x000000002003fc48        0x1 ./Src/main.o
                0x000000002003fc48                flags
 *fill*         0x000000002003fc49        0x3 
 .bss.cnt       0x000000002003fc4c        0x4 ./Src/main.o
                0x000000002003fc4c                cnt
 .bss.minute    0x000000002003fc50        0x1 ./Src/main.o
                0x000000002003fc50                minute
 .bss.minute_2  0x000000002003fc51        0x1 ./Src/main.o
                0x000000002003fc51                minute_2
 .bss.hour      0x000000002003fc52        0x1 ./Src/main.o
                0x000000002003fc52                hour
 .bss.hour_2    0x000000002003fc53        0x1 ./Src/main.o
                0x000000002003fc53                hour_2
 .bss.set_minute
                0x000000002003fc54        0x1 ./Src/main.o
                0x000000002003fc54                set_minute
 .bss.set_minute_2
                0x000000002003fc55        0x1 ./Src/main.o
                0x000000002003fc55                set_minute_2
 .bss.set_hour  0x000000002003fc56        0x1 ./Src/main.o
                0x000000002003fc56                set_hour
 .bss.set_hour_2
                0x000000002003fc57        0x1 ./Src/main.o
                0x000000002003fc57                set_hour_2
 .bss.power     0x000000002003fc58        0x1 ./Src/main.o
                0x000000002003fc58                power
 .bss.set_power
                0x000000002003fc59        0x1 ./Src/main.o
                0x000000002003fc59                set_power
 .bss.predifined_parametrs
                0x000000002003fc5a        0x1 ./Src/main.o
                0x000000002003fc5a                predifined_parametrs
 *(COMMON)
                0x000000002003fc5c                . = ALIGN (0x4)
 *fill*         0x000000002003fc5b        0x1 
                0x000000002003fc5c                _ebss = .
                0x000000002003fc5c                __bss_end__ = _ebss

._user_heap_stack
                0x000000002003fc5c      0x604 load address 0x00000000080ec82c
                0x000000002003fc60                . = ALIGN (0x8)
 *fill*         0x000000002003fc5c        0x4 
                [!provide]                        PROVIDE (end = .)
                0x000000002003fc60                PROVIDE (_end = .)
                0x000000002003fe60                . = (. + _Min_Heap_Size)
 *fill*         0x000000002003fc60      0x200 
                0x0000000020040260                . = (. + _Min_Stack_Size)
 *fill*         0x000000002003fe60      0x400 
                0x0000000020040260                . = ALIGN (0x8)

/DISCARD/
 libc.a(*)
 libm.a(*)
 libgcc.a(*)

.ARM.attributes
                0x0000000000000000       0x30
 *(.ARM.attributes)
 .ARM.attributes
                0x0000000000000000       0x1e D:/STM32CubeIDE_1.12.1/STM32CubeIDE/plugins/com.st.stm32cube.ide.mcu.externaltools.gnu-tools-for-stm32.11.3.rel1.win32_1.1.100.202309141235/tools/bin/../lib/gcc/arm-none-eabi/11.3.1/thumb/v7e-m+fp/hard/crti.o
 .ARM.attributes
                0x000000000000001e       0x34 D:/STM32CubeIDE_1.12.1/STM32CubeIDE/plugins/com.st.stm32cube.ide.mcu.externaltools.gnu-tools-for-stm32.11.3.rel1.win32_1.1.100.202309141235/tools/bin/../lib/gcc/arm-none-eabi/11.3.1/thumb/v7e-m+fp/hard/crtbegin.o
 .ARM.attributes
                0x0000000000000052       0x34 ./Src/main.o
 .ARM.attributes
                0x0000000000000086       0x21 ./Startup/startup_stm32f746bgtx.o
 .ARM.attributes
                0x00000000000000a7       0x34 D:/STM32CubeIDE_1.12.1/STM32CubeIDE/plugins/com.st.stm32cube.ide.mcu.externaltools.gnu-tools-for-stm32.11.3.rel1.win32_1.1.100.202309141235/tools/bin/../lib/gcc/arm-none-eabi/11.3.1/../../../../arm-none-eabi/lib/thumb/v7e-m+fp/hard\libc_nano.a(libc_a-init.o)
 .ARM.attributes
                0x00000000000000db       0x1e D:/STM32CubeIDE_1.12.1/STM32CubeIDE/plugins/com.st.stm32cube.ide.mcu.externaltools.gnu-tools-for-stm32.11.3.rel1.win32_1.1.100.202309141235/tools/bin/../lib/gcc/arm-none-eabi/11.3.1/thumb/v7e-m+fp/hard/crtn.o
OUTPUT(Lamp_F746BGT6.elf elf32-littlearm)
LOAD linker stubs
LOAD D:/STM32CubeIDE_1.12.1/STM32CubeIDE/plugins/com.st.stm32cube.ide.mcu.externaltools.gnu-tools-for-stm32.11.3.rel1.win32_1.1.100.202309141235/tools/bin/../lib/gcc/arm-none-eabi/11.3.1/../../../../arm-none-eabi/lib/thumb/v7e-m+fp/hard\libc.a
LOAD D:/STM32CubeIDE_1.12.1/STM32CubeIDE/plugins/com.st.stm32cube.ide.mcu.externaltools.gnu-tools-for-stm32.11.3.rel1.win32_1.1.100.202309141235/tools/bin/../lib/gcc/arm-none-eabi/11.3.1/../../../../arm-none-eabi/lib/thumb/v7e-m+fp/hard\libm.a
LOAD D:/STM32CubeIDE_1.12.1/STM32CubeIDE/plugins/com.st.stm32cube.ide.mcu.externaltools.gnu-tools-for-stm32.11.3.rel1.win32_1.1.100.202309141235/tools/bin/../lib/gcc/arm-none-eabi/11.3.1/thumb/v7e-m+fp/hard\libgcc.a

.comment        0x0000000000000000       0x43
 .comment       0x0000000000000000       0x43 D:/STM32CubeIDE_1.12.1/STM32CubeIDE/plugins/com.st.stm32cube.ide.mcu.externaltools.gnu-tools-for-stm32.11.3.rel1.win32_1.1.100.202309141235/tools/bin/../lib/gcc/arm-none-eabi/11.3.1/thumb/v7e-m+fp/hard/crtbegin.o
                                         0x44 (size before relaxing)
 .comment       0x0000000000000043       0x44 ./Src/main.o

.debug_info     0x0000000000000000     0x2641
 .debug_info    0x0000000000000000     0x261e ./Src/main.o
 .debug_info    0x000000000000261e       0x23 ./Startup/startup_stm32f746bgtx.o

.debug_abbrev   0x0000000000000000      0x279
 .debug_abbrev  0x0000000000000000      0x267 ./Src/main.o
 .debug_abbrev  0x0000000000000267       0x12 ./Startup/startup_stm32f746bgtx.o

.debug_aranges  0x0000000000000000       0xc8
 .debug_aranges
                0x0000000000000000       0xa0 ./Src/main.o
 .debug_aranges
                0x00000000000000a0       0x28 ./Startup/startup_stm32f746bgtx.o

.debug_rnglists
                0x0000000000000000       0x9a
 .debug_rnglists
                0x0000000000000000       0x81 ./Src/main.o
 .debug_rnglists
                0x0000000000000081       0x19 ./Startup/startup_stm32f746bgtx.o

.debug_macro    0x0000000000000000    0x1b88e
 .debug_macro   0x0000000000000000      0x19d ./Src/main.o
 .debug_macro   0x000000000000019d      0xaae ./Src/main.o
 .debug_macro   0x0000000000000c4b       0x3b ./Src/main.o
 .debug_macro   0x0000000000000c86       0x22 ./Src/main.o
 .debug_macro   0x0000000000000ca8       0x8e ./Src/main.o
 .debug_macro   0x0000000000000d36       0x51 ./Src/main.o
 .debug_macro   0x0000000000000d87      0x103 ./Src/main.o
 .debug_macro   0x0000000000000e8a       0x6a ./Src/main.o
 .debug_macro   0x0000000000000ef4      0x1df ./Src/main.o
 .debug_macro   0x00000000000010d3       0x1c ./Src/main.o
 .debug_macro   0x00000000000010ef       0x22 ./Src/main.o
 .debug_macro   0x0000000000001111       0xd9 ./Src/main.o
 .debug_macro   0x00000000000011ea     0x12cd ./Src/main.o
 .debug_macro   0x00000000000024b7      0x11f ./Src/main.o
 .debug_macro   0x00000000000025d6       0x19 ./Src/main.o
 .debug_macro   0x00000000000025ef    0x1920a ./Src/main.o
 .debug_macro   0x000000000001b7f9       0x28 ./Src/main.o
 .debug_macro   0x000000000001b821       0x6d ./Src/main.o

.debug_line     0x0000000000000000     0x2a00
 .debug_line    0x0000000000000000     0x2985 ./Src/main.o
 .debug_line    0x0000000000002985       0x7b ./Startup/startup_stm32f746bgtx.o

.debug_str      0x0000000000000000    0x9bfe4
 .debug_str     0x0000000000000000    0x9bfb5 ./Src/main.o
                                      0x9c1df (size before relaxing)
 .debug_str     0x000000000009bfb5       0x2f ./Startup/startup_stm32f746bgtx.o
                                         0x63 (size before relaxing)

.debug_frame    0x0000000000000000      0x2bc
 .debug_frame   0x0000000000000000      0x290 ./Src/main.o
 .debug_frame   0x0000000000000290       0x2c D:/STM32CubeIDE_1.12.1/STM32CubeIDE/plugins/com.st.stm32cube.ide.mcu.externaltools.gnu-tools-for-stm32.11.3.rel1.win32_1.1.100.202309141235/tools/bin/../lib/gcc/arm-none-eabi/11.3.1/../../../../arm-none-eabi/lib/thumb/v7e-m+fp/hard\libc_nano.a(libc_a-init.o)

.debug_line_str
                0x0000000000000000       0x57
 .debug_line_str
                0x0000000000000000       0x57 ./Startup/startup_stm32f746bgtx.o
                                         0x6f (size before relaxing)
